[learnpythonthehardway.org/python3/index.html]
[backblue.gif]
[fade.gif]
[index.html]
[learnpythonthehardway.org/python3/preface.html]
[learnpythonthehardway.org/python3/intro.html]
[learnpythonthehardway.org/python3/ex0.html]
[learnpythonthehardway.org/python3/ex1.html]
[learnpythonthehardway.org/python3/ex2.html]
[learnpythonthehardway.org/python3/ex3.html]
[learnpythonthehardway.org/python3/ex4.html]
[learnpythonthehardway.org/python3/ex5.html]
[learnpythonthehardway.org/python3/ex6.html]
[learnpythonthehardway.org/python3/ex7.html]
[learnpythonthehardway.org/python3/ex8.html]
[learnpythonthehardway.org/python3/ex9.html]
[learnpythonthehardway.org/python3/ex10.html]
[learnpythonthehardway.org/python3/ex11.html]
[learnpythonthehardway.org/python3/ex12.html]
[learnpythonthehardway.org/python3/ex13.html]
[learnpythonthehardway.org/python3/ex14.html]
[learnpythonthehardway.org/python3/ex15.html]
[learnpythonthehardway.org/python3/ex16.html]
[learnpythonthehardway.org/python3/ex17.html]
[learnpythonthehardway.org/python3/ex18.html]
[learnpythonthehardway.org/python3/ex19.html]
[learnpythonthehardway.org/python3/ex20.html]
[learnpythonthehardway.org/python3/ex21.html]
[learnpythonthehardway.org/python3/ex22.html]
[learnpythonthehardway.org/python3/ex23.html]
[learnpythonthehardway.org/python3/ex24.html]
[learnpythonthehardway.org/python3/ex25.html]
[learnpythonthehardway.org/python3/ex26.html]
[learnpythonthehardway.org/python3/ex27.html]
[learnpythonthehardway.org/python3/ex28.html]
[learnpythonthehardway.org/python3/ex29.html]
[learnpythonthehardway.org/python3/ex30.html]
[learnpythonthehardway.org/python3/ex31.html]
[learnpythonthehardway.org/python3/ex32.html]
[learnpythonthehardway.org/python3/ex33.html]
[learnpythonthehardway.org/python3/ex34.html]
[learnpythonthehardway.org/python3/ex35.html]
[learnpythonthehardway.org/python3/ex36.html]
[learnpythonthehardway.org/python3/ex37.html]
[learnpythonthehardway.org/python3/ex38.html]
[learnpythonthehardway.org/python3/ex39.html]
[learnpythonthehardway.org/python3/ex40.html]
[learnpythonthehardway.org/python3/ex41.html]
[learnpythonthehardway.org/python3/ex42.html]
[learnpythonthehardway.org/python3/ex43.html]
[learnpythonthehardway.org/python3/ex44.html]
[learnpythonthehardway.org/python3/ex45.html]
[learnpythonthehardway.org/python3/ex46.html]
[learnpythonthehardway.org/python3/ex47.html]
[learnpythonthehardway.org/python3/ex48.html]
[learnpythonthehardway.org/python3/ex49.html]
[learnpythonthehardway.org/python3/ex50.html]
[learnpythonthehardway.org/python3/ex51.html]
[learnpythonthehardway.org/python3/ex52.html]
[learnpythonthehardway.org/python3/advice.html]
[learnpythonthehardway.org/python3/next.html]
[learnpythonthehardway.org/python3/appendixa.html]
[learnpythonthehardway.org/js/scripts.min.js]
[learnpythonthehardway.org/python3/javascripts/jquery.js]
[learnpythonthehardway.org/python3/index.js]
[shop.learncodethehardway.org/static/jzed.js]
[shop.learncodethehardway.org/static/js/videojs/video.js]
[shop.learncodethehardway.org/static/js/videojs/video-js.css]
[shop.learncodethehardway.org/static/api/v1/paydiv.js]
[learnpythonthehardway.org/python3/javascripts/app.js]
[learnpythonthehardway.org/python3/javascripts/littools.js]
[assets.zendesk.com/embeddable_framework/main.js]
[www.google-analytics.com/analytics.js]
[learnpythonthehardway.org/python3/index.html]
[fonts.googleapis.com/css33ad.css]
[learnpythonthehardway.org/css/style.min.css]
[learnpythonthehardway.org/css/icons.css]
[learnpythonthehardway.org/images/pattern-python.svg]
[learnpythonthehardway.org/images/logo-python.svg]
[learnpythonthehardway.org/python3/preface.html]
[learnpythonthehardway.org/python3/intro.html]
[learnpythonthehardway.org/python3/ex0.html]
[learnpythonthehardway.org/python3/_static/python/osx_atom.png]
[learnpythonthehardway.org/python3/_static/python/osx_terminal_ex1.png]
[learnpythonthehardway.org/python3/_static/python/win_powershell_ex1.png]
[learnpythonthehardway.org/python3/ex1.html]
[learnpythonthehardway.org/python3/ex2.html]
[learnpythonthehardway.org/python3/ex3.html]
[learnpythonthehardway.org/python3/ex4.html]
[learnpythonthehardway.org/python3/ex5.html]
[learnpythonthehardway.org/python3/ex6.html]
[learnpythonthehardway.org/python3/ex7.html]
[learnpythonthehardway.org/python3/ex8.html]
[learnpythonthehardway.org/python3/ex9.html]
[learnpythonthehardway.org/python3/ex10.html]
[learnpythonthehardway.org/python3/ex11.html]
[learnpythonthehardway.org/python3/ex12.html]
[learnpythonthehardway.org/python3/ex13.html]
[learnpythonthehardway.org/python3/ex14.html]
[learnpythonthehardway.org/python3/ex15.html]
[learnpythonthehardway.org/python3/ex16.html]
[learnpythonthehardway.org/python3/ex17.html]
[learnpythonthehardway.org/python3/ex18.html]
[learnpythonthehardway.org/python3/ex19.html]
[learnpythonthehardway.org/python3/ex20.html]
[learnpythonthehardway.org/python3/ex21.html]
[learnpythonthehardway.org/python3/ex22.html]
[learnpythonthehardway.org/python3/_static/python/ex23a.png]
[learnpythonthehardway.org/python3/_static/python/ex23b.png]
[learnpythonthehardway.org/python3/_static/python/ex23c.png]
[learnpythonthehardway.org/python3/ex23.html]
[learnpythonthehardway.org/python3/ex24.html]
[learnpythonthehardway.org/python3/ex25.html]
[learnpythonthehardway.org/python3/ex26.html]
[learnpythonthehardway.org/python3/ex27.html]
[learnpythonthehardway.org/python3/ex28.html]
[learnpythonthehardway.org/python3/ex29.html]
[learnpythonthehardway.org/python3/ex30.html]
[learnpythonthehardway.org/python3/ex31.html]
[learnpythonthehardway.org/python3/ex32.html]
[learnpythonthehardway.org/python3/ex33.html]
[learnpythonthehardway.org/python3/ex34.html]
[learnpythonthehardway.org/python3/ex35.html]
[learnpythonthehardway.org/python3/ex36.html]
[learnpythonthehardway.org/python3/ex37.html]
[learnpythonthehardway.org/python3/ex38.html]
[learnpythonthehardway.org/python3/ex39.html]
[learnpythonthehardway.org/python3/ex40.html]
[learnpythonthehardway.org/python3/ex41.html]
[learnpythonthehardway.org/python3/ex42.html]
[learnpythonthehardway.org/python3/ex43.html]
[learnpythonthehardway.org/python3/ex44.html]
[learnpythonthehardway.org/python3/ex45.html]
[learnpythonthehardway.org/python3/ex46.html]
[learnpythonthehardway.org/python3/ex47.html]
[learnpythonthehardway.org/python3/ex48.html]
[learnpythonthehardway.org/python3/ex49.html]
[learnpythonthehardway.org/python3/ex50.html]
[learnpythonthehardway.org/python3/_static/python/http_flow_graphic.png]
[learnpythonthehardway.org/python3/ex51.html]
[learnpythonthehardway.org/python3/ex52.html]
[learnpythonthehardway.org/python3/advice.html]
[learnpythonthehardway.org/python3/next.html]
[learnpythonthehardway.org/python3/appendixa.html]
[learnpythonthehardway.org/index.html]
[shop.learncodethehardway.org/static/js/videojs/video-js.css]
