[learncodethehardway.org/more-python-book/index.html]
[backblue.gif]
[fade.gif]
[index.html]
[learncodethehardway.org/more-python-book/part0.html]
[learncodethehardway.org/more-python-book/ex0.html]
[learncodethehardway.org/more-python-book/ex1.html]
[learncodethehardway.org/more-python-book/ex2.html]
[learncodethehardway.org/more-python-book/ex3.html]
[learncodethehardway.org/more-python-book/part1.html]
[learncodethehardway.org/more-python-book/ex4.html]
[learncodethehardway.org/more-python-book/ex5.html]
[learncodethehardway.org/more-python-book/ex6.html]
[learncodethehardway.org/more-python-book/ex7.html]
[learncodethehardway.org/more-python-book/ex8.html]
[learncodethehardway.org/more-python-book/ex9.html]
[learncodethehardway.org/more-python-book/ex10.html]
[learncodethehardway.org/more-python-book/ex11.html]
[learncodethehardway.org/more-python-book/ex12.html]
[learncodethehardway.org/more-python-book/part2.html]
[learncodethehardway.org/more-python-book/ex13.html]
[learncodethehardway.org/more-python-book/ex14.html]
[learncodethehardway.org/more-python-book/ex15.html]
[learncodethehardway.org/more-python-book/ex16.html]
[learncodethehardway.org/more-python-book/ex17.html]
[learncodethehardway.org/more-python-book/ex18.html]
[learncodethehardway.org/more-python-book/ex19.html]
[learncodethehardway.org/more-python-book/ex21.html]
[learncodethehardway.org/more-python-book/ex22.html]
[learncodethehardway.org/more-python-book/en23.html]
[learncodethehardway.org/more-python-book/ex24.html]
[learncodethehardway.org/more-python-book/part3.html]
[learncodethehardway.org/more-python-book/ex25.html]
[learncodethehardway.org/more-python-book/ex26.html]
[learncodethehardway.org/more-python-book/ex27.html]
[learncodethehardway.org/more-python-book/ex28.html]
[learncodethehardway.org/more-python-book/ex29.html]
[learncodethehardway.org/more-python-book/part4.html]
[learncodethehardway.org/more-python-book/ex30.html]
[learncodethehardway.org/more-python-book/ex31.html]
[learncodethehardway.org/more-python-book/ex32.html]
[learncodethehardway.org/more-python-book/ex33.html]
[learncodethehardway.org/more-python-book/ex34.html]
[learncodethehardway.org/more-python-book/ex35.html]
[learncodethehardway.org/more-python-book/ex36.html]
[learncodethehardway.org/more-python-book/ex37.html]
[learncodethehardway.org/more-python-book/part5.html]
[learncodethehardway.org/more-python-book/ex38.html]
[learncodethehardway.org/more-python-book/ex39.html]
[learncodethehardway.org/more-python-book/ex40.html]
[learncodethehardway.org/more-python-book/ex41.html]
[learncodethehardway.org/more-python-book/ex42.html]
[learncodethehardway.org/more-python-book/ex43.html]
[learncodethehardway.org/more-python-book/ex44.html]
[learncodethehardway.org/more-python-book/ex45.html]
[learncodethehardway.org/more-python-book/part6.html]
[learncodethehardway.org/more-python-book/ex46.html]
[learncodethehardway.org/more-python-book/ex47.html]
[learncodethehardway.org/more-python-book/ex48.html]
[learncodethehardway.org/more-python-book/ex49.html]
[learncodethehardway.org/more-python-book/ex50.html]
[learncodethehardway.org/more-python-book/ex51.html]
[learncodethehardway.org/more-python-book/ex52.html]
[learncodethehardway.org/more-python-book/intro.html]
[learncodethehardway.org/more-python-book/ex20.html]
[learncodethehardway.org/more-python-book/ex23.html]
[learncodethehardway.org/js/scripts.min.js]
[learncodethehardway.org/more-python-book/javascripts/jquery.js]
[learncodethehardway.org/more-python-book/index.js]
[shop.learncodethehardway.org/static/jzed.js]
[shop.learncodethehardway.org/static/js/videojs/video.js]
[shop.learncodethehardway.org/static/js/videojs/video-js.css]
[shop.learncodethehardway.org/static/api/v1/paydiv.js]
[learncodethehardway.org/more-python-book/javascripts/app.js]
[learncodethehardway.org/more-python-book/javascripts/littools.js]
[assets.zendesk.com/embeddable_framework/main.js]
[www.google-analytics.com/analytics.js]
[learncodethehardway.org/more-python-book/index.html]
[www.google-analytics.com/index.html]
[ajax.googleapis.com/index.html]
[fonts.googleapis.com/css33ad.css]
[learncodethehardway.org/css/style.min.css]
[learncodethehardway.org/css/icons.css]
[learncodethehardway.org/images/pattern-more-python.svg]
[learncodethehardway.org/images/logo-more-python.svg]
[learncodethehardway.org/more-python-book/part0.html]
[learncodethehardway.org/more-python-book/ex0.html]
[learncodethehardway.org/more-python-book/ex1.html]
[learncodethehardway.org/more-python-book/ex2.html]
[learncodethehardway.org/more-python-book/ex3.html]
[learncodethehardway.org/more-python-book/part1.html]
[learncodethehardway.org/more-python-book/ex4.html]
[learncodethehardway.org/more-python-book/ex5.html]
[learncodethehardway.org/more-python-book/ex6.html]
[learncodethehardway.org/more-python-book/ex7.html]
[learncodethehardway.org/more-python-book/ex8.html]
[learncodethehardway.org/more-python-book/ex9.html]
[learncodethehardway.org/more-python-book/ex10.html]
[learncodethehardway.org/more-python-book/ex11.html]
[learncodethehardway.org/more-python-book/ex12.html]
[learncodethehardway.org/more-python-book/part2.html]
[learncodethehardway.org/more-python-book/ex13.html]
[learncodethehardway.org/more-python-book/ex14.html]
[learncodethehardway.org/more-python-book/ex15.html]
[learncodethehardway.org/more-python-book/ex16.html]
[learncodethehardway.org/more-python-book/ex17.html]
[learncodethehardway.org/more-python-book/ex18.html]
[learncodethehardway.org/more-python-book/ex19.html]
[learncodethehardway.org/more-python-book/ex21.html]
[learncodethehardway.org/more-python-book/ex22.html]
[learncodethehardway.org/more-python-book/en23.html]
[learncodethehardway.org/more-python-book/ex24.html]
[learncodethehardway.org/more-python-book/part3.html]
[learncodethehardway.org/more-python-book/ex25.html]
[learncodethehardway.org/more-python-book/ex26.html]
[learncodethehardway.org/more-python-book/ex27.html]
[learncodethehardway.org/more-python-book/ex28.html]
[learncodethehardway.org/more-python-book/ex29.html]
[learncodethehardway.org/more-python-book/part4.html]
[learncodethehardway.org/more-python-book/ex30.html]
[learncodethehardway.org/more-python-book/ex31.html]
[learncodethehardway.org/more-python-book/ex32.html]
[learncodethehardway.org/more-python-book/ex33.html]
[learncodethehardway.org/more-python-book/ex34.html]
[learncodethehardway.org/more-python-book/ex35.html]
[learncodethehardway.org/more-python-book/ex36.html]
[learncodethehardway.org/more-python-book/ex37.html]
[learncodethehardway.org/more-python-book/part5.html]
[learncodethehardway.org/more-python-book/ex38.html]
[learncodethehardway.org/more-python-book/ex39.html]
[learncodethehardway.org/more-python-book/ex40.html]
[learncodethehardway.org/more-python-book/ex41.html]
[learncodethehardway.org/more-python-book/ex42.html]
[learncodethehardway.org/more-python-book/ex43.html]
[learncodethehardway.org/more-python-book/ex44.html]
[learncodethehardway.org/more-python-book/ex45.html]
[learncodethehardway.org/more-python-book/part6.html]
[learncodethehardway.org/more-python-book/ex46.html]
[learncodethehardway.org/more-python-book/ex47.html]
[learncodethehardway.org/more-python-book/ex48.html]
[learncodethehardway.org/more-python-book/ex49.html]
[learncodethehardway.org/more-python-book/ex50.html]
[learncodethehardway.org/more-python-book/ex51.html]
[learncodethehardway.org/more-python-book/ex52.html]
[learncodethehardway.org/more-python-book/intro.html]
[learncodethehardway.org/more-python-book/ex20.html]
[learncodethehardway.org/more-python-book/ex23.html]
[shop.learncodethehardway.org/static/js/videojs/video-js.css]
